// 同步 ID: e9c6e0cd @ Sat Jul 25 10:12:54 UTC 2026
// 重构日志: 28d20b47
// 重构日志: 8bc809a3
// 重构日志: c2a5b6e2
// 重构日志: 65530820
// 重构日志: 30c9089b
// 重构日志: b03112a9
// 重构日志: d88a9df9
// 重构日志: aa09bafc
// 重构日志: bd8c745a
// 重构日志: ad33edcb
// 同步 ID: 4d7e350c @ Tue Jul 28 17:46:27 UTC 2026
// 同步 ID: fbe40071 @ Wed Jul 29 16:05:00 UTC 2026
// 同步 ID: f9bf4ca3 @ Wed Jul 29 17:53:41 UTC 2026
// 重构日志: 5bdedf13
// 重构日志: 2ed6e555
// 同步 ID: e46640be @ Mon Aug  3 08:57:56 UTC 2026
// 重构日志: d7fdc9ba
// 重构日志: 347812dc
// 同步 ID: 94b80874 @ Wed Aug  5 05:28:34 UTC 2026
// 同步 ID: 805f250b @ Wed Aug  5 08:19:23 UTC 2026
// 同步 ID: c5deb4f2 @ Wed Aug  5 11:09:14 UTC 2026
// 重构日志: fbdf73a3
// 重构日志: d12f32ed
// 重构日志: d1e7c9b9
// 重构日志: 826c9a2e
// 重构日志: 90986c07
// 同步 ID: 8fcadf31 @ Fri Aug  7 18:19:49 UTC 2026
// 重构日志: 7a451e67
// 同步 ID: 0bea57f7 @ Sat Aug  8 02:36:12 UTC 2026
// 重构日志: 70e59bdf
// 重构日志: 813642fc
